// Jest Snapshot v1, https://goo.gl/fbAQLP

exports[`Testing App Component should render correctly 1`] = `
<Provider
  store={
    Object {
      "dispatch": [Function],
      "getState": [Function],
      "replaceReducer": [Function],
      "subscribe": [Function],
      Symbol(observable): [Function],
    }
  }
>
  <div
    className="App"
  >
    <h1>
      Hello World!
    </h1>
    <Connect(Todos) />
  </div>
</Provider>
`;
